PRT1
122
289
4 0 3 (2048 6144 3088 ) (2048 6144 352 ) (2784 6144 352 ) (2784 6144 3088 ) 
4 0 1 (2048 6144 352 ) (2048 6144 3088 ) (2048 6336 3088 ) (2048 6336 352 ) 
4 1 7 (2048 6144 352 ) (2048 6144 3088 ) (1024 6144 3088 ) (1024 6144 352 ) 
4 1 2 (1024 6144 352 ) (1024 6144 3088 ) (1024 6336 3088 ) (1024 6336 352 ) 
4 2 15 (0 6144 352 ) (0 6144 3088 ) (0 6336 3088 ) (0 6336 352 ) 
4 2 9 (1024 6144 352 ) (1024 6144 3088 ) (0 6144 3088 ) (0 6144 352 ) 
4 3 7 (2048 6144 3088 ) (2048 6144 352 ) (2048 5184 352 ) (2048 5184 3088 ) 
4 3 4 (2784 5184 352 ) (2784 5184 3088 ) (2048 5184 3088 ) (2048 5184 352 ) 
4 4 8 (2048 5120 352 ) (2048 5120 3088 ) (2048 5184 3088 ) (2048 5184 352 ) 
4 4 5 (2048 5120 3088 ) (2048 5120 352 ) (2784 5120 352 ) (2784 5120 3088 ) 
4 5 33 (2048 4096 3088 ) (2048 4096 352 ) (2784 4096 352 ) (2784 4096 3088 ) 
4 5 11 (2048 4096 352 ) (2048 4096 3088 ) (2048 5120 3088 ) (2048 5120 352 ) 
4 6 35 (2048 4096 250 ) (2048 4096 16 ) (2784 4096 16 ) (2784 4096 250 ) 
4 6 12 (2048 4096 16 ) (2048 4096 250 ) (2048 5088 250 ) (2048 5088 16 ) 
4 7 9 (1024 6144 3088 ) (1024 6144 352 ) (1024 5184 352 ) (1024 5184 3088 ) 
4 7 8 (1024 5184 3088 ) (1024 5184 352 ) (2048 5184 352 ) (2048 5184 3088 ) 
4 8 11 (2048 5120 352 ) (2048 5120 3088 ) (1024 5120 3088 ) (1024 5120 352 ) 
4 8 10 (1024 5120 352 ) (1024 5120 3088 ) (1024 5184 3088 ) (1024 5184 352 ) 
4 9 18 (0 6144 3088 ) (0 6144 352 ) (0 5184 352 ) (0 5184 3088 ) 
4 9 10 (0 5184 3088 ) (0 5184 352 ) (1024 5184 352 ) (1024 5184 3088 ) 
4 10 19 (0 5120 352 ) (0 5120 3088 ) (0 5184 3088 ) (0 5184 352 ) 
4 10 13 (1024 5120 352 ) (1024 5120 3088 ) (0 5120 3088 ) (0 5120 352 ) 
4 11 52 (2048 4096 352 ) (2048 4096 3088 ) (1024 4096 3088 ) (1024 4096 352 ) 
4 11 13 (1024 5120 3088 ) (1024 5120 352 ) (1024 4096 352 ) (1024 4096 3088 ) 
4 12 53 (2048 4096 16 ) (2048 4096 250 ) (1024 4096 250 ) (1024 4096 16 ) 
4 12 14 (1024 5088 16 ) (1024 4096 16 ) (1024 4096 250 ) (1024 5088 250 ) 
4 13 54 (1024 4096 352 ) (1024 4096 3088 ) (0 4096 3088 ) (0 4096 352 ) 
4 13 24 (0 4096 352 ) (0 4096 3088 ) (0 5120 3088 ) (0 5120 352 ) 
4 14 55 (1024 4096 16 ) (1024 4096 250 ) (0 4096 250 ) (0 4096 16 ) 
4 14 25 (0 4096 16 ) (0 4096 250 ) (0 5088 250 ) (0 5088 16 ) 
4 15 18 (0 6144 352 ) (0 6144 3088 ) (-1024 6144 3088 ) (-1024 6144 352 ) 
4 15 16 (-1024 6144 352 ) (-1024 6144 3088 ) (-1024 6336 3088 ) (-1024 6336 352 ) 
4 16 20 (-1024 6144 352 ) (-1024 6144 3088 ) (-2048 6144 3088 ) (-2048 6144 352 ) 
4 16 17 (-2048 6144 352 ) (-2048 6144 3088 ) (-2048 6336 3088 ) (-2048 6336 352 ) 
4 17 29 (-2048 6144 352 ) (-2048 6144 3088 ) (-2336 6144 3088 ) (-2336 6144 352 ) 
4 18 20 (-1024 6144 3088 ) (-1024 6144 352 ) (-1024 5184 352 ) (-1024 5184 3088 ) 
4 18 19 (-1024 5184 3088 ) (-1024 5184 352 ) (0 5184 352 ) (0 5184 3088 ) 
4 19 24 (0 5120 352 ) (0 5120 3088 ) (-1024 5120 3088 ) (-1024 5120 352 ) 
4 19 22 (-1024 5120 352 ) (-1024 5120 3088 ) (-1024 5184 3088 ) (-1024 5184 352 ) 
4 20 29 (-2048 6144 3088 ) (-2048 6144 352 ) (-2048 5184 352 ) (-2048 5184 3088 ) 
4 20 22 (-1024 5184 352 ) (-1024 5184 3088 ) (-2048 5184 3088 ) (-2048 5184 352 ) 
4 20 21 (-1536 5184 352 ) (-1792 5184 352 ) (-1792 5632 352 ) (-1536 5632 352 ) 
4 21 23 (-1536 5184 352 ) (-1792 5184 352 ) (-1792 5184 250 ) (-1536 5184 250 ) 
4 22 30 (-2048 5120 352 ) (-2048 5120 3088 ) (-2048 5184 3088 ) (-2048 5184 352 ) 
4 22 26 (-1024 5120 352 ) (-1024 5120 3088 ) (-2048 5120 3088 ) (-2048 5120 352 ) 
4 22 23 (-1792 5184 352 ) (-1536 5184 352 ) (-1536 5120 352 ) (-1792 5120 352 ) 
4 23 27 (-1536 5120 352 ) (-1792 5120 352 ) (-1792 5120 250 ) (-1536 5120 250 ) 
4 24 92 (0 4096 352 ) (0 4096 3088 ) (-1024 4096 3088 ) (-1024 4096 352 ) 
4 24 26 (-1024 5120 3088 ) (-1024 5120 352 ) (-1024 4096 352 ) (-1024 4096 3088 ) 
4 25 95 (0 4096 16 ) (0 4096 250 ) (-1024 4096 250 ) (-1024 4096 16 ) 
4 25 28 (-1024 5088 16 ) (-1024 4096 16 ) (-1024 4096 250 ) (-1024 5088 250 ) 
4 26 96 (-1024 4096 352 ) (-1024 4096 3088 ) (-2048 4096 3088 ) (-2048 4096 352 ) 
4 26 31 (-2048 4096 352 ) (-2048 4096 3088 ) (-2048 5120 3088 ) (-2048 5120 352 ) 
4 26 27 (-1536 4096 352 ) (-1792 4096 352 ) (-1792 5120 352 ) (-1536 5120 352 ) 
4 27 99 (-1536 4096 352 ) (-1792 4096 352 ) (-1792 4096 250 ) (-1536 4096 250 ) 
4 27 28 (-1536 4096 250 ) (-1792 4096 250 ) (-1792 5088 250 ) (-1536 5088 250 ) 
4 28 100 (-1024 4096 16 ) (-1024 4096 250 ) (-2048 4096 250 ) (-2048 4096 16 ) 
4 28 32 (-2048 4096 16 ) (-2048 4096 250 ) (-2048 5088 250 ) (-2048 5088 16 ) 
4 29 30 (-2336 5184 3088 ) (-2336 5184 352 ) (-2048 5184 352 ) (-2048 5184 3088 ) 
4 30 31 (-2048 5120 352 ) (-2048 5120 3088 ) (-2336 5120 3088 ) (-2336 5120 352 ) 
4 31 107 (-2048 4096 352 ) (-2048 4096 3088 ) (-2336 4096 3088 ) (-2336 4096 352 ) 
4 32 108 (-2048 4096 16 ) (-2048 4096 250 ) (-2336 4096 250 ) (-2336 4096 16 ) 
4 33 52 (2048 4096 3088 ) (2048 4096 352 ) (2048 3712 352 ) (2048 3712 3088 ) 
4 33 34 (2784 3712 352 ) (2784 3712 3088 ) (2048 3712 3088 ) (2048 3712 352 ) 
4 34 52 (2048 3072 352 ) (2048 3072 3088 ) (2048 3712 3088 ) (2048 3712 352 ) 
4 34 43 (2784 3072 352 ) (2784 3072 522 ) (2048 3072 522 ) (2048 3072 352 ) 
4 34 36 (2784 3072 522 ) (2784 3072 3088 ) (2200 3072 3088 ) (2200 3072 522 ) 
4 34 39 (2200 3072 3088 ) (2048 3072 3088 ) (2048 3072 522 ) (2200 3072 522 ) 
4 35 53 (2048 4096 250 ) (2048 4096 16 ) (2048 3072 16 ) (2048 3072 250 ) 
4 35 51 (2784 3072 16 ) (2784 3072 250 ) (2048 3072 250 ) (2048 3072 16 ) 
4 36 43 (2200 3072 522 ) (2784 3072 522 ) (2784 2185.500000 522 ) (2200 2185.500000 522 ) 
4 36 41 (2223 2185.496094 522 ) (2768 2185.496094 522 ) (2768 2184 522.352051 ) (2223 2184 522.352051 ) 
4 36 40 (2768 2185.496094 522 ) (2784 2185.496094 522 ) (2784 2184 522.352051 ) (2768 2184 522.352051 ) 
4 36 42 (2200 2185.496094 522 ) (2223 2185.496094 522 ) (2223 2184 522.352051 ) (2200 2184 522.352051 ) 
4 36 37 (2200 2184 3088 ) (2200 2184 534.686035 ) (2784 2184 534.685974 ) (2784 2184 3088 ) 
4 36 38 (2200 2184 528 ) (2200 2184 522.351562 ) (2784 2184 522.351562 ) (2784 2184 528 ) 
5 36 39 (2200 3072 522 ) (2200 2185.496094 522 ) (2200 2184 522.352051 ) (2200 2184 3088 ) (2200 3072 3088 ) 
4 37 64 (2200 2048 629.646973 ) (2200 2048 567.451904 ) (2784 2048 567.451904 ) (2784 2048 629.647095 ) 
4 37 61 (2784 2048 3088 ) (2200 2048 3088 ) (2200 2048 629.646973 ) (2784 2048 629.647095 ) 
4 37 39 (2200 2048 567.451843 ) (2200 2048 3088 ) (2200 2184 3088 ) (2200 2184 534.686035 ) 
4 38 41 (2768 2159.996094 528 ) (2223 2159.996094 528 ) (2223 2184 522.352051 ) (2768 2184 522.352051 ) 
4 38 40 (2784 2184 522.352051 ) (2784 2159.996094 528 ) (2768 2159.996094 528 ) (2768 2184 522.352051 ) 
4 38 42 (2223 2159.996094 528 ) (2200 2159.996094 528 ) (2200 2184 522.352051 ) (2223 2184 522.352051 ) 
3 38 39 (2200 2184 522.352051 ) (2200 2159.996094 528 ) (2200 2184 528 ) 
4 39 69 (2200 2048 3088 ) (2048 2048 3088 ) (2048 2048 554.353027 ) (2200 2048 554.353027 ) 
5 39 56 (2048 2048 554.352966 ) (2048 2048 3088 ) (2048 3072 3088 ) (2048 3072 522 ) (2048 2185.500000 522 ) 
4 39 43 (2048 2185.500000 522 ) (2048 3072 522 ) (2200 3072 522 ) (2200 2185.500000 522 ) 
4 39 42 (2048 2185.496094 522 ) (2200 2185.496094 522 ) (2200 2048 554.352051 ) (2048 2048 554.352051 ) 
4 40 65 (2768 2048 522 ) (2784 2048 522 ) (2784 2048 554.352966 ) (2768 2048 554.352966 ) 
4 40 46 (2784 2146 522 ) (2784 2048 522 ) (2768 2048 522 ) (2768 2146 522 ) 
4 40 44 (2784 2160 522 ) (2784 2146 522 ) (2768 2146 522 ) (2768 2160 522 ) 
4 40 43 (2768 2185.500000 522 ) (2784 2185.500000 522 ) (2784 2160 522 ) (2768 2160 522 ) 
3 40 41 (2768 2160 528 ) (2768 2185.496094 522 ) (2768 2160 522 ) 
4 41 43 (2223 2185.500000 522 ) (2768 2185.500000 522 ) (2768 2160 522 ) (2223 2160 522 ) 
3 41 42 (2223 2160 528 ) (2223 2185.496094 522 ) (2223 2160 522 ) 
4 42 67 (2200 2048 522 ) (2223 2048 522 ) (2223 2048 554.353027 ) (2200 2048 554.353027 ) 
4 42 69 (2048 2048 554.353027 ) (2048 2048 522 ) (2200 2048 522 ) (2200 2048 554.353027 ) 
3 42 56 (2048 2048 522 ) (2048 2048 554.352966 ) (2048 2185.500000 522 ) 
4 42 48 (2048 2048 522 ) (2048 2146 522 ) (2223 2146 522 ) (2223 2048 522 ) 
4 42 45 (2048 2146 522 ) (2048 2160 522 ) (2223 2160 522 ) (2223 2146 522 ) 
4 42 43 (2048 2160 522 ) (2048 2185.500000 522 ) (2223 2185.500000 522 ) (2223 2160 522 ) 
4 43 56 (2048 2160 522 ) (2048 3072 522 ) (2048 3072 352 ) (2048 2160 352 ) 
4 43 44 (2784 2160 352 ) (2784 2160 522 ) (2768 2160 522 ) (2768 2160 352 ) 
4 43 45 (2223 2160 522 ) (2048 2160 522 ) (2048 2160 352 ) (2223 2160 352 ) 
4 44 51 (2768 2160 250 ) (2784 2160 250 ) (2784 2146 250 ) (2768 2146 250 ) 
4 44 49 (2768 2146 250 ) (2784 2146 250 ) (2784 2146 264 ) (2768 2146 264 ) 
4 44 46 (2784 2146 264 ) (2784 2146 522 ) (2768 2146 522 ) (2768 2146 264 ) 
4 45 57 (2048 2160 352 ) (2048 2160 250 ) (2048 2146 250 ) (2048 2146 352 ) 
4 45 56 (2048 2146 522 ) (2048 2160 522 ) (2048 2160 352 ) (2048 2146 352 ) 
4 45 51 (2048 2146 250 ) (2048 2160 250 ) (2223 2160 250 ) (2223 2146 250 ) 
4 45 50 (2048 2146 250 ) (2223 2146 250 ) (2223 2146 264 ) (2048 2146 264 ) 
4 45 48 (2223 2146 264 ) (2223 2146 522 ) (2048 2146 522 ) (2048 2146 264 ) 
4 46 70 (2784 2048 522 ) (2767 2048 522 ) (2767 2048 264 ) (2784 2048 264 ) 
4 46 49 (2767 2146 264 ) (2784 2146 264 ) (2784 2048 264 ) (2767 2048 264 ) 
4 47 71 (2753 2048 522 ) (2237 2048 522 ) (2237 2048 264 ) (2753 2048 264 ) 
4 48 72 (2223 2048 522 ) (2048 2048 522 ) (2048 2048 264 ) (2223 2048 264 ) 
4 48 57 (2048 2048 264 ) (2048 2048 352 ) (2048 2146 352 ) (2048 2146 264 ) 
4 48 56 (2048 2048 352 ) (2048 2048 522 ) (2048 2146 522 ) (2048 2146 352 ) 
4 48 50 (2048 2048 264 ) (2048 2146 264 ) (2223 2146 264 ) (2223 2048 264 ) 
4 49 70 (2784 2048 264 ) (2767 2048 264 ) (2767 2048 250 ) (2784 2048 250 ) 
4 49 51 (2784 2048 250 ) (2767 2048 250 ) (2767 2146 250 ) (2784 2146 250 ) 
4 50 72 (2223 2048 264 ) (2048 2048 264 ) (2048 2048 250 ) (2223 2048 250 ) 
4 50 57 (2048 2048 250 ) (2048 2048 264 ) (2048 2146 264 ) (2048 2146 250 ) 
4 50 51 (2223 2048 250 ) (2048 2048 250 ) (2048 2146 250 ) (2223 2146 250 ) 
4 51 83 (2784 2048 250 ) (2048 2048 250 ) (2048 2048 16 ) (2784 2048 16 ) 
4 51 58 (2048 2048 16 ) (2048 2048 250 ) (2048 3072 250 ) (2048 3072 16 ) 
4 52 56 (2048 3072 352 ) (2048 3072 3088 ) (1024 3072 3088 ) (1024 3072 352 ) 
4 52 54 (1024 4096 3088 ) (1024 4096 352 ) (1024 3072 352 ) (1024 3072 3088 ) 
4 53 58 (2048 3072 16 ) (2048 3072 250 ) (1024 3072 250 ) (1024 3072 16 ) 
4 53 55 (1024 4096 250 ) (1024 4096 16 ) (1024 3072 16 ) (1024 3072 250 ) 
4 54 92 (0 4096 3088 ) (0 4096 352 ) (0 3072 352 ) (0 3072 3088 ) 
4 54 59 (1024 3072 352 ) (1024 3072 3088 ) (0 3072 3088 ) (0 3072 352 ) 
4 55 95 (0 4096 250 ) (0 4096 16 ) (0 3072 16 ) (0 3072 250 ) 
4 55 60 (1024 3072 16 ) (1024 3072 250 ) (0 3072 250 ) (0 3072 16 ) 
4 56 84 (2048 2048 352 ) (2048 2048 3088 ) (1024 2048 3088 ) (1024 2048 352 ) 
4 56 59 (1024 3072 3088 ) (1024 3072 352 ) (1024 2048 352 ) (1024 2048 3088 ) 
4 56 57 (2048 2048 352 ) (1664 2048 352 ) (1664 2160 352 ) (2048 2160 352 ) 
4 57 85 (2048 2048 250 ) (2048 2048 352 ) (1664 2048 352 ) (1664 2048 250 ) 
4 57 58 (2048 2160 250 ) (2048 2048 250 ) (1664 2048 250 ) (1664 2160 250 ) 
4 58 87 (2048 2048 16 ) (2048 2048 250 ) (1024 2048 250 ) (1024 2048 16 ) 
4 58 60 (1024 3072 250 ) (1024 3072 16 ) (1024 2048 16 ) (1024 2048 250 ) 
4 59 101 (0 2048 352 ) (0 2048 3088 ) (0 3072 3088 ) (0 3072 352 ) 
4 59 88 (1024 2048 352 ) (1024 2048 3088 ) (0 2048 3088 ) (0 2048 352 ) 
4 60 104 (0 2048 16 ) (0 2048 250 ) (0 3072 250 ) (0 3072 16 ) 
4 60 91 (1024 2048 16 ) (1024 2048 250 ) (0 2048 250 ) (0 2048 16 ) 
4 61 64 (2200 1917.398926 598.916992 ) (2200 2048 629.646667 ) (2784 2048 629.646729 ) (2784 1917.398804 598.916992 ) 
4 61 62 (2784 1592 677.314575 ) (2200 1592 677.314575 ) (2200 1888 606 ) (2784 1888 606 ) 
4 61 68 (2200 1592 3088 ) (2200 1592 677.314209 ) (2784 1592 677.314026 ) (2784 1592 3088 ) 
5 61 69 (2200 1592 677.314026 ) (2200 1592 3088 ) (2200 2048 3088 ) (2200 2048 629.646973 ) (2200 1917.398315 598.917236 ) 
3 62 69 (2200 1592 534.685974 ) (2200 1592 677.314026 ) (2200 1888 606 ) 
4 62 68 (2200 1592 677.314209 ) (2200 1592 534.685974 ) (2784 1592 534.685974 ) (2784 1592 677.314026 ) 
4 63 66 (2768 1592 522.352539 ) (2223 1592 522.352539 ) (2223 1616.001709 528 ) (2768 1616.001709 528 ) 
4 63 65 (2784 1592 522.352539 ) (2768 1592 522.352539 ) (2768 1616.001709 528 ) (2784 1616.001709 528 ) 
4 63 67 (2223 1592 522.352539 ) (2200 1592 522.352539 ) (2200 1616.001709 528 ) (2223 1616.001709 528 ) 
3 63 69 (2200 1592 522.352966 ) (2200 1592 528 ) (2200 1616 528 ) 
4 63 68 (2200 1592 528 ) (2200 1592 522.352783 ) (2784 1592 522.352966 ) (2784 1592 528 ) 
3 64 69 (2200 1917.398438 598.917175 ) (2200 2048 629.646973 ) (2200 2048 567.451904 ) 
4 65 82 (2784 1616 522 ) (2784 1592 522 ) (2768 1592 522 ) (2768 1616 522 ) 
4 65 80 (2784 1630 522 ) (2784 1616 522 ) (2768 1616 522 ) (2768 1630 522 ) 
4 65 75 (2784 1856 522 ) (2784 1630 522 ) (2768 1630 522 ) (2768 1856 522 ) 
4 65 70 (2768 2048 522 ) (2784 2048 522 ) (2784 1856 522 ) (2768 1856 522 ) 
4 65 66 (2768 1592 522 ) (2768 1592 522.352539 ) (2768 1616 528 ) (2768 1616 522 ) 
4 65 68 (2768 1592 522 ) (2784 1592 522 ) (2784 1592 522.352966 ) (2768 1592 522.352966 ) 
4 66 82 (2768 1616 522 ) (2768 1592 522 ) (2223 1592 522 ) (2223 1616 522 ) 
4 66 68 (2223 1592 522 ) (2768 1592 522 ) (2768 1592 522.352966 ) (2223 1592 522.352783 ) 
4 66 67 (2223 1592 522 ) (2223 1592 522.352539 ) (2223 1616 528 ) (2223 1616 522 ) 
4 67 82 (2223 1616 522 ) (2223 1592 522 ) (2200 1592 522 ) (2200 1616 522 ) 
4 67 81 (2223 1630 522 ) (2223 1616 522 ) (2200 1616 522 ) (2200 1630 522 ) 
4 67 77 (2223 1856 522 ) (2223 1630 522 ) (2200 1630 522 ) (2200 1856 522 ) 
4 67 74 (2223 1984 522 ) (2223 1856 522 ) (2200 1856 522 ) (2200 1984 522 ) 
4 67 72 (2200 2048 522 ) (2223 2048 522 ) (2223 1984 522 ) (2200 1984 522 ) 
4 67 68 (2200 1592 522.352783 ) (2200 1592 522 ) (2223 1592 522 ) (2223 1592 522.352783 ) 
5 67 69 (2200 2048 522 ) (2200 1592 522 ) (2200 1592 522.352966 ) (2200 1888 592 ) (2200 2048 554.352966 ) 
4 68 82 (2784 1592 522 ) (2784 1216 522 ) (2200 1216 522 ) (2200 1592 522 ) 
4 68 69 (2200 1592 522 ) (2200 1216 522 ) (2200 1216 3088 ) (2200 1592 3088 ) 
4 69 84 (2048 2048 3088 ) (2048 2048 522 ) (2048 1216 522 ) (2048 1216 3088 ) 
4 69 82 (2048 1216 522 ) (2048 1616 522 ) (2200 1616 522 ) (2200 1216 522 ) 
4 69 81 (2048 1616 522 ) (2048 1630 522 ) (2200 1630 522 ) (2200 1616 522 ) 
4 69 77 (2048 1630 522 ) (2048 1856 522 ) (2200 1856 522 ) (2200 1630 522 ) 
4 69 74 (2048 1856 522 ) (2048 1984 522 ) (2200 1984 522 ) (2200 1856 522 ) 
4 69 72 (2048 1984 522 ) (2048 2048 522 ) (2200 2048 522 ) (2200 1984 522 ) 
4 70 83 (2767 2048 250 ) (2784 2048 250 ) (2784 1856 250 ) (2767 1856 250 ) 
4 70 78 (2767 1856 250 ) (2784 1856 250 ) (2784 1856 264 ) (2767 1856 264 ) 
4 70 75 (2784 1856 264 ) (2784 1856 522 ) (2767 1856 522 ) (2767 1856 264 ) 
4 71 76 (2753 1856 522 ) (2237 1856 522 ) (2237 1856 264 ) (2753 1856 264 ) 
4 71 73 (2237 1856 264 ) (2237 1856 368 ) (2237 1984 368 ) (2237 1984 264 ) 
4 72 85 (2048 2048 352 ) (2048 2048 250 ) (2048 1984 250 ) (2048 1984 352 ) 
4 72 84 (2048 2048 522 ) (2048 2048 352 ) (2048 1984 352 ) (2048 1984 522 ) 
4 72 83 (2048 1984 250 ) (2048 2048 250 ) (2223 2048 250 ) (2223 1984 250 ) 
4 72 74 (2048 1984 250 ) (2223 1984 250 ) (2223 1984 522 ) (2048 1984 522 ) 
4 73 74 (2223 1984 368 ) (2223 1984 264 ) (2223 1856 264 ) (2223 1856 368 ) 
4 74 85 (2048 1984 250 ) (2048 1856 250 ) (2048 1856 352 ) (2048 1984 352 ) 
4 74 84 (2048 1856 352 ) (2048 1856 522 ) (2048 1984 522 ) (2048 1984 352 ) 
4 74 83 (2048 1856 250 ) (2048 1984 250 ) (2223 1984 250 ) (2223 1856 250 ) 
4 74 79 (2048 1856 250 ) (2223 1856 250 ) (2223 1856 264 ) (2048 1856 264 ) 
4 74 77 (2223 1856 264 ) (2223 1856 522 ) (2048 1856 522 ) (2048 1856 264 ) 
4 75 80 (2784 1630 522 ) (2768 1630 522 ) (2768 1630 264 ) (2784 1630 264 ) 
4 75 78 (2784 1630 264 ) (2767 1630 264 ) (2767 1856 264 ) (2784 1856 264 ) 
4 77 85 (2048 1630 264 ) (2048 1630 352 ) (2048 1856 352 ) (2048 1856 264 ) 
4 77 84 (2048 1630 352 ) (2048 1630 522 ) (2048 1856 522 ) (2048 1856 352 ) 
4 77 81 (2223 1630 522 ) (2048 1630 522 ) (2048 1630 264 ) (2223 1630 264 ) 
4 77 79 (2223 1630 264 ) (2048 1630 264 ) (2048 1856 264 ) (2223 1856 264 ) 
4 78 83 (2767 1856 250 ) (2784 1856 250 ) (2784 1630 250 ) (2767 1630 250 ) 
4 78 80 (2768 1630 250 ) (2784 1630 250 ) (2784 1630 264 ) (2768 1630 264 ) 
4 79 85 (2048 1856 250 ) (2048 1630 250 ) (2048 1630 264 ) (2048 1856 264 ) 
4 79 83 (2048 1630 250 ) (2048 1856 250 ) (2223 1856 250 ) (2223 1630 250 ) 
4 79 81 (2048 1630 250 ) (2223 1630 250 ) (2223 1630 264 ) (2048 1630 264 ) 
4 80 83 (2768 1630 250 ) (2784 1630 250 ) (2784 1616 250 ) (2768 1616 250 ) 
4 80 82 (2784 1616 352 ) (2784 1616 522 ) (2768 1616 522 ) (2768 1616 352 ) 
4 81 85 (2048 1630 250 ) (2048 1616 250 ) (2048 1616 352 ) (2048 1630 352 ) 
4 81 84 (2048 1616 352 ) (2048 1616 522 ) (2048 1630 522 ) (2048 1630 352 ) 
4 81 83 (2048 1616 250 ) (2048 1630 250 ) (2223 1630 250 ) (2223 1616 250 ) 
4 81 82 (2223 1616 352 ) (2223 1616 522 ) (2048 1616 522 ) (2048 1616 352 ) 
4 82 84 (2048 1216 352 ) (2048 1216 522 ) (2048 1616 522 ) (2048 1616 352 ) 
4 83 87 (2048 2048 250 ) (2048 2048 16 ) (2048 1216 16 ) (2048 1216 250 ) 
4 84 88 (1024 2048 3088 ) (1024 2048 352 ) (1024 1216 352 ) (1024 1216 3088 ) 
4 84 86 (1024 1744 352 ) (1024 2000 352 ) (1664 2000 352 ) (1664 1744 352 ) 
4 84 85 (1664 1616 352 ) (1664 2048 352 ) (2048 2048 352 ) (2048 1616 352 ) 
4 85 87 (1664 2048 250 ) (2048 2048 250 ) (2048 1616 250 ) (1664 1616 250 ) 
4 85 86 (1664 2000 250 ) (1664 1744 250 ) (1664 1744 352 ) (1664 2000 352 ) 
4 86 90 (1024 2000 250 ) (1024 1744 250 ) (1024 1744 352 ) (1024 2000 352 ) 
4 86 87 (1024 1744 250 ) (1024 2000 250 ) (1664 2000 250 ) (1664 1744 250 ) 
4 87 91 (1024 2048 250 ) (1024 2048 16 ) (1024 1216 16 ) (1024 1216 250 ) 
4 88 113 (0 1216 3088 ) (0 1744 3088 ) (0 1744 352 ) (0 1216 352 ) 
4 88 111 (0 1744 3088 ) (0 2048 3088 ) (0 2048 352 ) (0 1744 352 ) 
3 88 89 (0 2000 352 ) (0 2048 352 ) (48 2000 352 ) 
4 88 90 (0 1744 352 ) (0 2000 352 ) (1024 2000 352 ) (1024 1744 352 ) 
4 89 112 (0 2048 352 ) (0 2048 250 ) (0 2000 250 ) (0 2000 352 ) 
4 89 90 (0 2000 250 ) (48 2000 250 ) (48 2000 352 ) (0 2000 352 ) 
3 89 91 (0 2000 250 ) (0 2048 250 ) (48 2000 250 ) 
4 90 112 (0 2000 250 ) (0 1744 250 ) (0 1744 352 ) (0 2000 352 ) 
4 90 91 (0 1744 250 ) (0 2000 250 ) (1024 2000 250 ) (1024 1744 250 ) 
4 91 114 (0 2048 250 ) (0 2048 16 ) (0 1216 16 ) (0 1216 250 ) 
4 92 101 (0 3072 352 ) (0 3072 3088 ) (-1024 3072 3088 ) (-1024 3072 352 ) 
4 92 96 (-1024 4096 3088 ) (-1024 4096 352 ) (-1024 3072 352 ) (-1024 3072 3088 ) 
4 92 94 (-1024 3456 352 ) (-1024 3712 352 ) (-320 3712 352 ) (-320 3456 352 ) 
4 92 93 (-320 3712 352 ) (-64 3712 352 ) (-64 3072 352 ) (-320 3072 352 ) 
4 93 103 (-64 3072 352 ) (-320 3072 352 ) (-320 3072 250 ) (-64 3072 250 ) 
4 93 95 (-64 3072 250 ) (-320 3072 250 ) (-320 3712 250 ) (-64 3712 250 ) 
4 93 94 (-320 3712 352 ) (-320 3712 250 ) (-320 3456 250 ) (-320 3456 352 ) 
4 94 98 (-1024 3712 250 ) (-1024 3456 250 ) (-1024 3456 352 ) (-1024 3712 352 ) 
4 94 95 (-1024 3456 250 ) (-1024 3712 250 ) (-320 3712 250 ) (-320 3456 250 ) 
4 95 104 (0 3072 16 ) (0 3072 250 ) (-1024 3072 250 ) (-1024 3072 16 ) 
4 95 100 (-1024 4096 250 ) (-1024 4096 16 ) (-1024 3072 16 ) (-1024 3072 250 ) 
4 96 107 (-2048 4096 3088 ) (-2048 4096 352 ) (-2048 3072 352 ) (-2048 3072 3088 ) 
4 96 105 (-1024 3072 352 ) (-1024 3072 3088 ) (-2048 3072 3088 ) (-2048 3072 352 ) 
3 96 97 (-1408 3712 352 ) (-1536 3712 352 ) (-1536 3840 352 ) 
5 96 98 (-1024 3712 352 ) (-1024 3456 352 ) (-1472 3456 352 ) (-1536 3513.600342 352 ) (-1536 3712 352 ) 
4 96 99 (-1792 3744 352 ) (-1792 4096 352 ) (-1536 4096 352 ) (-1536 3513.600342 352 ) 
3 97 100 (-1408 3712 250 ) (-1536 3712 250 ) (-1536 3840 250 ) 
4 97 98 (-1536 3712 352 ) (-1536 3712 250 ) (-1408 3712 250 ) (-1408 3712 352 ) 
4 97 99 (-1536 3840 250 ) (-1536 3712 250 ) (-1536 3712 352 ) (-1536 3840 352 ) 
5 98 100 (-1024 3712 250 ) (-1024 3456 250 ) (-1472 3456 250 ) (-1536 3513.600342 250 ) (-1536 3712 250 ) 
4 98 99 (-1536 3712 250 ) (-1536 3513.603516 250 ) (-1536 3513.603516 352 ) (-1536 3712 352 ) 
4 99 100 (-1792 4096 250 ) (-1536 4096 250 ) (-1536 3513.600342 250 ) (-1792 3744 250 ) 
4 100 108 (-2048 4096 250 ) (-2048 4096 16 ) (-2048 3072 16 ) (-2048 3072 250 ) 
4 100 106 (-1024 3072 16 ) (-1024 3072 250 ) (-2048 3072 250 ) (-2048 3072 16 ) 
4 101 111 (0 2048 352 ) (0 2048 3088 ) (-1024 2048 3088 ) (-1024 2048 352 ) 
4 101 105 (-1024 3072 3088 ) (-1024 3072 352 ) (-1024 2048 352 ) (-1024 2048 3088 ) 
4 101 103 (-320 3072 352 ) (-64 3072 352 ) (-64 2048 352 ) (-320 2048 352 ) 
3 101 102 (0 2048 352 ) (-64 2048 352 ) (-64 2112 352 ) 
4 102 112 (0 2048 250 ) (0 2048 352 ) (-64 2048 352 ) (-64 2048 250 ) 
3 102 104 (0 2048 250 ) (-64 2048 250 ) (-64 2112 250 ) 
4 102 103 (-64 2112 250 ) (-64 2048 250 ) (-64 2048 352 ) (-64 2112 352 ) 
4 103 112 (-64 2048 352 ) (-320 2048 352 ) (-320 2048 250 ) (-64 2048 250 ) 
4 103 104 (-64 2048 250 ) (-320 2048 250 ) (-320 3072 250 ) (-64 3072 250 ) 
4 104 114 (0 2048 16 ) (0 2048 250 ) (-1024 2048 250 ) (-1024 2048 16 ) 
4 104 106 (-1024 3072 250 ) (-1024 3072 16 ) (-1024 2048 16 ) (-1024 2048 250 ) 
4 105 115 (-1024 2048 352 ) (-1024 2048 3088 ) (-2048 2048 3088 ) (-2048 2048 352 ) 
4 105 109 (-2048 2048 352 ) (-2048 2048 3088 ) (-2048 3072 3088 ) (-2048 3072 352 ) 
4 106 117 (-1024 2048 16 ) (-1024 2048 250 ) (-2048 2048 250 ) (-2048 2048 16 ) 
4 106 110 (-2048 2048 16 ) (-2048 2048 250 ) (-2048 3072 250 ) (-2048 3072 16 ) 
4 107 109 (-2048 3072 352 ) (-2048 3072 3088 ) (-2336 3072 3088 ) (-2336 3072 352 ) 
4 108 110 (-2048 3072 16 ) (-2048 3072 250 ) (-2336 3072 250 ) (-2336 3072 16 ) 
4 109 118 (-2048 2048 352 ) (-2048 2048 3088 ) (-2336 2048 3088 ) (-2336 2048 352 ) 
4 110 119 (-2048 2048 16 ) (-2048 2048 250 ) (-2336 2048 250 ) (-2336 2048 16 ) 
4 111 115 (-1024 2048 3088 ) (-1024 2048 352 ) (-1024 1744 352 ) (-1024 1744 3088 ) 
4 111 113 (-1024 1744 3088 ) (-1024 1744 352 ) (0 1744 352 ) (0 1744 3088 ) 
5 111 112 (0 1744 352 ) (-64 1744 352 ) (-320 1984 352 ) (-320 2048 352 ) (0 2048 352 ) 
5 112 114 (-320 2048 250 ) (0 2048 250 ) (0 1744 250 ) (-64 1744 250 ) (-320 1984 250 ) 
4 113 116 (-1024 1216 352 ) (-1024 1216 3088 ) (-1024 1744 3088 ) (-1024 1744 352 ) 
4 114 117 (-1024 2048 250 ) (-1024 2048 16 ) (-1024 1216 16 ) (-1024 1216 250 ) 
4 115 118 (-2048 2048 3088 ) (-2048 2048 352 ) (-2048 1744 352 ) (-2048 1744 3088 ) 
4 115 116 (-2048 1744 3088 ) (-2048 1744 352 ) (-1024 1744 352 ) (-1024 1744 3088 ) 
4 116 120 (-2048 1216 352 ) (-2048 1216 3088 ) (-2048 1744 3088 ) (-2048 1744 352 ) 
4 117 121 (-2048 1744 16 ) (-2048 1216 16 ) (-2048 1216 250 ) (-2048 1744 250 ) 
4 117 119 (-2048 2048 250 ) (-2048 2048 16 ) (-2048 1744 16 ) (-2048 1744 250 ) 
4 118 120 (-2336 1744 3088 ) (-2336 1744 352 ) (-2048 1744 352 ) (-2048 1744 3088 ) 
4 119 121 (-2336 1744 250 ) (-2336 1744 16 ) (-2048 1744 16 ) (-2048 1744 250 ) 
