PRT1
35
44
4 0 4 (3807 2048 264 ) (3807 2048 508 ) (3562 2048 508 ) (3562 2048 264 ) 
4 1 6 (3548 2048 264 ) (3548 2048 508 ) (3072 2048 508 ) (3072 2048 264 ) 
4 1 2 (3072 2048 264 ) (3072 2048 508 ) (3072 2146 508 ) (3072 2146 264 ) 
4 2 9 (2767 2048 264 ) (3072 2048 264 ) (3072 2048 508 ) (2767 2048 508 ) 
4 3 11 (2237 2048 264 ) (2753 2048 264 ) (2753 2048 508 ) (2237 2048 508 ) 
4 4 7 (3807 1616 264 ) (3807 1616 508 ) (3562 1616 508 ) (3562 1616 264 ) 
4 4 5 (3562 1953 264 ) (3562 1808 264 ) (3562 1808 421 ) (3562 1953 421 ) 
4 5 6 (3548 1808 264 ) (3548 1808 421 ) (3548 1953 421 ) (3548 1953 264 ) 
4 6 9 (3072 2048 508 ) (3072 2048 264 ) (3072 1630 264 ) (3072 1630 508 ) 
4 7 12 (3072 1375 264 ) (3072 1375 508 ) (3072 1616 508 ) (3072 1616 264 ) 
4 7 8 (3072 1375 508 ) (3072 1375 264 ) (3284 1375 264 ) (3284 1375 508 ) 
4 8 13 (3284 1024 264 ) (3284 1024 508 ) (3072 1024 508 ) (3072 1024 264 ) 
4 8 12 (3072 1024 264 ) (3072 1024 508 ) (3072 1375 508 ) (3072 1375 264 ) 
4 9 10 (2767 1921 423 ) (2767 1921 264 ) (2767 1856 264 ) (2767 1856 423 ) 
4 10 11 (2753 1921 264 ) (2753 1856 264 ) (2753 1856 423 ) (2753 1921 423 ) 
4 12 14 (3072 1024 264 ) (3072 1024 508 ) (3039 1024 508 ) (3039 1024 264 ) 
4 13 19 (3284 0 264 ) (3284 0 508 ) (3072 0 508 ) (3072 0 264 ) 
4 13 14 (3072 1024 508 ) (3072 1024 264 ) (3072 0 264 ) (3072 0 508 ) 
4 14 20 (3072 0 264 ) (3072 0 508 ) (3039 0 508 ) (3039 0 264 ) 
4 14 17 (3039 145 374 ) (3039 145 264 ) (3039 98 264 ) (3039 98 374 ) 
4 14 15 (3039 639 508 ) (3039 869 508 ) (3039 869 264 ) (3039 639 264 ) 
4 15 22 (2048 639 264 ) (2048 639 426.350952 ) (2048 869 426.350952 ) (2048 869 264 ) 
4 15 16 (2279 639 264 ) (2048 639 264 ) (2048 869 264 ) (2279 869 264 ) 
4 16 23 (2048 639 182.350967 ) (2048 639 227 ) (2048 869 227 ) (2048 869 182.350983 ) 
4 16 22 (2048 639 227 ) (2048 639 264 ) (2048 869 264 ) (2048 869 227 ) 
4 17 18 (3037 145 264 ) (3037 98 264 ) (3037 98 374 ) (3037 145 374 ) 
4 18 21 (2641 0 264 ) (3037 0 264 ) (3037 0 508 ) (2641 0 508 ) 
4 19 20 (3072 0 508 ) (3072 0 264 ) (3072 -3 264 ) (3072 -3 508 ) 
4 22 23 (2048 639 227 ) (1484 639 227 ) (1484 869 227 ) (2048 869 227 ) 
4 23 24 (1024 639 -17 ) (1024 639 227 ) (1024 869 227 ) (1024 869 -17 ) 
4 24 25 (968 639 227 ) (752 639 227 ) (752 639 -17 ) (968 639 -17 ) 
4 25 27 (752 77 227 ) (752 77 -17 ) (968 77 -17 ) (968 77 227 ) 
4 26 33 (0 77 1 ) (0 77 209 ) (0 212 209 ) (0 212 1 ) 
4 26 29 (0 77 209 ) (0 77 1 ) (208 77 1 ) (208 77 209 ) 
4 27 30 (968 0 -17 ) (968 0 227 ) (210 0 227 ) (210 0 -17 ) 
4 27 28 (210 0 1 ) (210 0 109 ) (210 24 109 ) (210 24 1 ) 
4 28 31 (210 0 1 ) (210 0 109 ) (208 0 109 ) (208 0 1 ) 
4 28 29 (208 0 1 ) (208 0 109 ) (208 24 109 ) (208 24 1 ) 
4 29 33 (0 0 1 ) (0 0 209 ) (0 77 209 ) (0 77 1 ) 
4 29 32 (208 0 1 ) (208 0 209 ) (0 0 209 ) (0 0 1 ) 
4 30 31 (210 0 109 ) (210 0 1 ) (210 -23 1 ) (210 -23 109 ) 
4 31 32 (208 0 109 ) (208 0 1 ) (208 -23 1 ) (208 -23 109 ) 
4 32 34 (0 -208 209 ) (0 0 209 ) (0 0 1 ) (0 -208 1 ) 
4 33 34 (0 0 1 ) (0 0 209 ) (-208 0 209 ) (-208 0 1 ) 
